// Bun Snapshot v1, https://goo.gl/fbAQLP

exports[`generate a basic model 1`] = `
"import type { AddQuery, CountQuery, GetQuery, RemoveQuery, SetQuery } from "@ronin/compiler";
import type { DeepCallable, ResultRecord } from "@ronin/syntax/queries";
import type { QueryHandlerOptions } from "ronin/types";
type ResolveSchema<TSchema, TUsing extends Array<string> | "all", TKey extends string> = TUsing extends "all" ? TSchema : TKey extends TUsing[number] ? TSchema : TSchema extends Array<unknown> ? Array<string> : string;
declare module "ronin" {
    export type Account = ResultRecord & {
        email: string;
        name: string;
    };
    export type Accounts = Array<Account> & {
        moreBefore?: string;
        moreAfter?: string;
    };
    declare const add: {
        /* Add a single account record */
        account: DeepCallable<AddQuery[keyof AddQuery], Account | null>;
    };
    declare const count: {
        /* Count a single account record */
        account: DeepCallable<CountQuery[keyof CountQuery], Account | null>;
        /* Count multiple account records */
        accounts: DeepCallable<CountQuery[keyof CountQuery], Accounts>;
    };
    declare const get: {
        /* Get a single account record */
        account: DeepCallable<GetQuery[keyof GetQuery], Account | null>;
        /* Get multiple account records */
        accounts: DeepCallable<GetQuery[keyof GetQuery], Accounts>;
    };
    declare const remove: {
        /* Remove a single account record */
        account: DeepCallable<RemoveQuery[keyof RemoveQuery], Account | null>;
        /* Remove multiple account records */
        accounts: DeepCallable<RemoveQuery[keyof RemoveQuery], Accounts>;
    };
    declare const set: {
        /* Set a single account record */
        account: DeepCallable<SetQuery[keyof SetQuery], Account | null>;
        /* Set multiple account records */
        accounts: DeepCallable<SetQuery[keyof SetQuery], Accounts>;
    };
    declare const createSyntaxFactory: (options: QueryHandlerOptions | (() => QueryHandlerOptions)) => {
        add: typeof add;
        count: typeof count;
        get: typeof get;
        remove: typeof remove;
        set: typeof set;
    };
    export default function (options: QueryHandlerOptions | (() => QueryHandlerOptions)): {
        add: typeof add;
        count: typeof count;
        get: typeof get;
        remove: typeof remove;
        set: typeof set;
    };
}
"
`;

exports[`generate with no models 1`] = `
"import type { AddQuery, CountQuery, GetQuery, RemoveQuery, SetQuery } from "@ronin/compiler";
import type { DeepCallable, ResultRecord } from "@ronin/syntax/queries";
import type { QueryHandlerOptions } from "ronin/types";
type ResolveSchema<TSchema, TUsing extends Array<string> | "all", TKey extends string> = TUsing extends "all" ? TSchema : TKey extends TUsing[number] ? TSchema : TSchema extends Array<unknown> ? Array<string> : string;
declare module "ronin" {
    declare const add: {};
    declare const count: {};
    declare const get: {};
    declare const remove: {};
    declare const set: {};
    declare const createSyntaxFactory: (options: QueryHandlerOptions | (() => QueryHandlerOptions)) => {
        add: typeof add;
        count: typeof count;
        get: typeof get;
        remove: typeof remove;
        set: typeof set;
    };
    export default function (options: QueryHandlerOptions | (() => QueryHandlerOptions)): {
        add: typeof add;
        count: typeof count;
        get: typeof get;
        remove: typeof remove;
        set: typeof set;
    };
}
"
`;
