// Bun Snapshot v1, https://goo.gl/fbAQLP

exports[`identifiers 1`] = `
{
  "primitive": {
    "date": IdentifierObject {
      "emitNode": undefined,
      "end": -1,
      "escapedText": "Date",
      "flags": 16,
      "flowNode": undefined,
      "id": 0,
      "jsDoc": undefined,
      "kind": 80,
      "parent": undefined,
      "pos": -1,
      "symbol": undefined,
      "transformFlags": 0,
    },
    "partial": IdentifierObject {
      "emitNode": undefined,
      "end": -1,
      "escapedText": "Partial",
      "flags": 16,
      "flowNode": undefined,
      "id": 0,
      "jsDoc": undefined,
      "kind": 80,
      "parent": undefined,
      "pos": -1,
      "symbol": undefined,
      "transformFlags": 0,
    },
    "record": IdentifierObject {
      "emitNode": undefined,
      "end": -1,
      "escapedText": "Record",
      "flags": 16,
      "flowNode": undefined,
      "id": 0,
      "jsDoc": undefined,
      "kind": 80,
      "parent": undefined,
      "pos": -1,
      "symbol": undefined,
      "transformFlags": 0,
    },
  },
  "ronin": {
    "accessor": {
      "adder": IdentifierObject {
        "emitNode": undefined,
        "end": -1,
        "escapedText": "IAdder",
        "flags": 16,
        "flowNode": undefined,
        "id": 0,
        "jsDoc": undefined,
        "kind": 80,
        "parent": undefined,
        "pos": -1,
        "symbol": undefined,
        "transformFlags": 0,
      },
      "counter": IdentifierObject {
        "emitNode": undefined,
        "end": -1,
        "escapedText": "ICounter",
        "flags": 16,
        "flowNode": undefined,
        "id": 0,
        "jsDoc": undefined,
        "kind": 80,
        "parent": undefined,
        "pos": -1,
        "symbol": undefined,
        "transformFlags": 0,
      },
      "getterPlural": IdentifierObject {
        "emitNode": undefined,
        "end": -1,
        "escapedText": "IGetterPlural",
        "flags": 16,
        "flowNode": undefined,
        "id": 0,
        "jsDoc": undefined,
        "kind": 80,
        "parent": undefined,
        "pos": -1,
        "symbol": undefined,
        "transformFlags": 0,
      },
      "getterSingular": IdentifierObject {
        "emitNode": undefined,
        "end": -1,
        "escapedText": "IGetterSingular",
        "flags": 16,
        "flowNode": undefined,
        "id": 0,
        "jsDoc": undefined,
        "kind": 80,
        "parent": undefined,
        "pos": -1,
        "symbol": undefined,
        "transformFlags": 0,
      },
      "remover": IdentifierObject {
        "emitNode": undefined,
        "end": -1,
        "escapedText": "IRemover",
        "flags": 16,
        "flowNode": undefined,
        "id": 0,
        "jsDoc": undefined,
        "kind": 80,
        "parent": undefined,
        "pos": -1,
        "symbol": undefined,
        "transformFlags": 0,
      },
      "setter": IdentifierObject {
        "emitNode": undefined,
        "end": -1,
        "escapedText": "ISetter",
        "flags": 16,
        "flowNode": undefined,
        "id": 0,
        "jsDoc": undefined,
        "kind": 80,
        "parent": undefined,
        "pos": -1,
        "symbol": undefined,
        "transformFlags": 0,
      },
    },
    "blob": IdentifierObject {
      "emitNode": undefined,
      "end": -1,
      "escapedText": "Blob",
      "flags": 16,
      "flowNode": undefined,
      "id": 0,
      "jsDoc": undefined,
      "kind": 80,
      "parent": undefined,
      "pos": -1,
      "symbol": undefined,
      "transformFlags": 0,
    },
    "module": {
      "root": IdentifierObject {
        "emitNode": undefined,
        "end": -1,
        "escapedText": ""ronin"",
        "flags": 16,
        "flowNode": undefined,
        "id": 0,
        "jsDoc": undefined,
        "kind": 80,
        "parent": undefined,
        "pos": -1,
        "symbol": undefined,
        "transformFlags": 0,
      },
      "schema": IdentifierObject {
        "emitNode": undefined,
        "end": -1,
        "escapedText": ""ronin/schema"",
        "flags": 16,
        "flowNode": undefined,
        "id": 0,
        "jsDoc": undefined,
        "kind": 80,
        "parent": undefined,
        "pos": -1,
        "symbol": undefined,
        "transformFlags": 0,
      },
    },
    "namespace": IdentifierObject {
      "emitNode": undefined,
      "end": -1,
      "escapedText": "RONIN",
      "flags": 16,
      "flowNode": undefined,
      "id": 0,
      "jsDoc": undefined,
      "kind": 80,
      "parent": undefined,
      "pos": -1,
      "symbol": undefined,
      "transformFlags": 0,
    },
    "record": IdentifierObject {
      "emitNode": undefined,
      "end": -1,
      "escapedText": "RoninRecord",
      "flags": 16,
      "flowNode": undefined,
      "id": 0,
      "jsDoc": undefined,
      "kind": 80,
      "parent": undefined,
      "pos": -1,
      "symbol": undefined,
      "transformFlags": 0,
    },
    "records": IdentifierObject {
      "emitNode": undefined,
      "end": -1,
      "escapedText": "RoninRecords",
      "flags": 16,
      "flowNode": undefined,
      "id": 0,
      "jsDoc": undefined,
      "kind": 80,
      "parent": undefined,
      "pos": -1,
      "symbol": undefined,
      "transformFlags": 0,
    },
  },
  "syntax": {
    "module": IdentifierObject {
      "emitNode": undefined,
      "end": -1,
      "escapedText": ""@ronin/syntax/queries"",
      "flags": 16,
      "flowNode": undefined,
      "id": 0,
      "jsDoc": undefined,
      "kind": 80,
      "parent": undefined,
      "pos": -1,
      "symbol": undefined,
      "transformFlags": 0,
    },
    "namespace": IdentifierObject {
      "emitNode": undefined,
      "end": -1,
      "escapedText": "Syntax",
      "flags": 16,
      "flowNode": undefined,
      "id": 0,
      "jsDoc": undefined,
      "kind": 80,
      "parent": undefined,
      "pos": -1,
      "symbol": undefined,
      "transformFlags": 0,
    },
    "record": IdentifierObject {
      "emitNode": undefined,
      "end": -1,
      "escapedText": "ResultRecord",
      "flags": 16,
      "flowNode": undefined,
      "id": 0,
      "jsDoc": undefined,
      "kind": 80,
      "parent": undefined,
      "pos": -1,
      "symbol": undefined,
      "transformFlags": 0,
    },
  },
  "util": {
    "including": IdentifierObject {
      "emitNode": undefined,
      "end": -1,
      "escapedText": "Including",
      "flags": 16,
      "flowNode": undefined,
      "id": 0,
      "jsDoc": undefined,
      "kind": 80,
      "parent": undefined,
      "pos": -1,
      "symbol": undefined,
      "transformFlags": 0,
    },
    "prettify": IdentifierObject {
      "emitNode": undefined,
      "end": -1,
      "escapedText": "Prettify",
      "flags": 16,
      "flowNode": undefined,
      "id": 0,
      "jsDoc": undefined,
      "kind": 80,
      "parent": undefined,
      "pos": -1,
      "symbol": undefined,
      "transformFlags": 0,
    },
    "returnBasedOnIncluding": IdentifierObject {
      "emitNode": undefined,
      "end": -1,
      "escapedText": "ReturnBasedOnIncluding",
      "flags": 16,
      "flowNode": undefined,
      "id": 0,
      "jsDoc": undefined,
      "kind": 80,
      "parent": undefined,
      "pos": -1,
      "symbol": undefined,
      "transformFlags": 0,
    },
  },
}
`;

exports[`generic identifiers 1`] = `
{
  "including": IdentifierObject {
    "emitNode": undefined,
    "end": -1,
    "escapedText": "TIncluding",
    "flags": 16,
    "flowNode": undefined,
    "id": 0,
    "jsDoc": undefined,
    "kind": 80,
    "parent": undefined,
    "pos": -1,
    "symbol": undefined,
    "transformFlags": 0,
  },
  "key": IdentifierObject {
    "emitNode": undefined,
    "end": -1,
    "escapedText": "TKey",
    "flags": 16,
    "flowNode": undefined,
    "id": 0,
    "jsDoc": undefined,
    "kind": 80,
    "parent": undefined,
    "pos": -1,
    "symbol": undefined,
    "transformFlags": 0,
  },
  "schema": IdentifierObject {
    "emitNode": undefined,
    "end": -1,
    "escapedText": "TSchema",
    "flags": 16,
    "flowNode": undefined,
    "id": 0,
    "jsDoc": undefined,
    "kind": 80,
    "parent": undefined,
    "pos": -1,
    "symbol": undefined,
    "transformFlags": 0,
  },
  "slug": IdentifierObject {
    "emitNode": undefined,
    "end": -1,
    "escapedText": "TSlug",
    "flags": 16,
    "flowNode": undefined,
    "id": 0,
    "jsDoc": undefined,
    "kind": 80,
    "parent": undefined,
    "pos": -1,
    "symbol": undefined,
    "transformFlags": 0,
  },
}
`;
