// Bun Snapshot v1, https://goo.gl/fbAQLP

exports[`accessors a basic model 1`] = `
{
  "plural": {
    "ExtendedAdder": NodeObject {
      "emitNode": undefined,
      "end": -1,
      "flags": 16,
      "heritageClauses": [
        NodeObject {
          "emitNode": undefined,
          "end": -1,
          "flags": 16,
          "id": 0,
          "kind": 298,
          "modifierFlagsCache": 0,
          "original": undefined,
          "parent": undefined,
          "pos": -1,
          "token": 96,
          "transformFlags": 1025,
          "types": [
            NodeObject {
              "emitNode": undefined,
              "end": -1,
              "expression": NodeObject {
                "emitNode": {
                  "flags": 262144,
                },
                "end": -1,
                "expression": IdentifierObject {
                  "emitNode": undefined,
                  "end": -1,
                  "escapedText": "RONIN",
                  "flags": 16,
                  "flowNode": undefined,
                  "id": 0,
                  "jsDoc": undefined,
                  "kind": 80,
                  "parent": undefined,
                  "pos": -1,
                  "symbol": undefined,
                  "transformFlags": 0,
                },
                "flags": 16,
                "flowNode": undefined,
                "id": 0,
                "jsDoc": undefined,
                "kind": 211,
                "localSymbol": undefined,
                "modifierFlagsCache": 0,
                "name": IdentifierObject {
                  "emitNode": undefined,
                  "end": -1,
                  "escapedText": "IAdder",
                  "flags": 16,
                  "flowNode": undefined,
                  "id": 0,
                  "jsDoc": undefined,
                  "kind": 80,
                  "parent": undefined,
                  "pos": -1,
                  "symbol": undefined,
                  "transformFlags": 0,
                },
                "original": undefined,
                "parent": undefined,
                "pos": -1,
                "questionDotToken": undefined,
                "symbol": undefined,
                "transformFlags": 0,
              },
              "flags": 16,
              "id": 0,
              "kind": 233,
              "modifierFlagsCache": 0,
              "original": undefined,
              "parent": undefined,
              "pos": -1,
              "transformFlags": 1025,
              "typeArguments": [
                NodeObject {
                  "emitNode": undefined,
                  "end": -1,
                  "flags": 16,
                  "id": 0,
                  "kind": 183,
                  "modifierFlagsCache": 0,
                  "original": undefined,
                  "parent": undefined,
                  "pos": -1,
                  "transformFlags": 1,
                  "typeArguments": undefined,
                  "typeName": IdentifierObject {
                    "emitNode": undefined,
                    "end": -1,
                    "escapedText": "AccountSchema",
                    "flags": 16,
                    "flowNode": undefined,
                    "id": 0,
                    "jsDoc": undefined,
                    "kind": 80,
                    "parent": undefined,
                    "pos": -1,
                    "symbol": undefined,
                    "transformFlags": 0,
                  },
                },
              ],
            },
          ],
        },
      ],
      "id": 0,
      "jsDoc": undefined,
      "kind": 264,
      "localSymbol": undefined,
      "members": [],
      "modifierFlagsCache": 0,
      "modifiers": undefined,
      "name": IdentifierObject {
        "emitNode": undefined,
        "end": -1,
        "escapedText": "AccountsAdder",
        "flags": 16,
        "flowNode": undefined,
        "id": 0,
        "jsDoc": undefined,
        "kind": 80,
        "parent": undefined,
        "pos": -1,
        "symbol": undefined,
        "transformFlags": 0,
      },
      "original": undefined,
      "parent": undefined,
      "pos": -1,
      "symbol": undefined,
      "transformFlags": 1,
      "typeParameters": undefined,
    },
    "ExtendedCounter": NodeObject {
      "emitNode": undefined,
      "end": -1,
      "flags": 16,
      "heritageClauses": [
        NodeObject {
          "emitNode": undefined,
          "end": -1,
          "flags": 16,
          "id": 0,
          "kind": 298,
          "modifierFlagsCache": 0,
          "original": undefined,
          "parent": undefined,
          "pos": -1,
          "token": 96,
          "transformFlags": 1025,
          "types": [
            NodeObject {
              "emitNode": undefined,
              "end": -1,
              "expression": NodeObject {
                "emitNode": {
                  "flags": 262144,
                },
                "end": -1,
                "expression": IdentifierObject {
                  "emitNode": undefined,
                  "end": -1,
                  "escapedText": "RONIN",
                  "flags": 16,
                  "flowNode": undefined,
                  "id": 0,
                  "jsDoc": undefined,
                  "kind": 80,
                  "parent": undefined,
                  "pos": -1,
                  "symbol": undefined,
                  "transformFlags": 0,
                },
                "flags": 16,
                "flowNode": undefined,
                "id": 0,
                "jsDoc": undefined,
                "kind": 211,
                "localSymbol": undefined,
                "modifierFlagsCache": 0,
                "name": IdentifierObject {
                  "emitNode": undefined,
                  "end": -1,
                  "escapedText": "ICounter",
                  "flags": 16,
                  "flowNode": undefined,
                  "id": 0,
                  "jsDoc": undefined,
                  "kind": 80,
                  "parent": undefined,
                  "pos": -1,
                  "symbol": undefined,
                  "transformFlags": 0,
                },
                "original": undefined,
                "parent": undefined,
                "pos": -1,
                "questionDotToken": undefined,
                "symbol": undefined,
                "transformFlags": 0,
              },
              "flags": 16,
              "id": 0,
              "kind": 233,
              "modifierFlagsCache": 0,
              "original": undefined,
              "parent": undefined,
              "pos": -1,
              "transformFlags": 1025,
              "typeArguments": [
                NodeObject {
                  "emitNode": undefined,
                  "end": -1,
                  "flags": 16,
                  "id": 0,
                  "kind": 183,
                  "modifierFlagsCache": 0,
                  "original": undefined,
                  "parent": undefined,
                  "pos": -1,
                  "transformFlags": 1,
                  "typeArguments": undefined,
                  "typeName": IdentifierObject {
                    "emitNode": undefined,
                    "end": -1,
                    "escapedText": "AccountSchema",
                    "flags": 16,
                    "flowNode": undefined,
                    "id": 0,
                    "jsDoc": undefined,
                    "kind": 80,
                    "parent": undefined,
                    "pos": -1,
                    "symbol": undefined,
                    "transformFlags": 0,
                  },
                },
              ],
            },
          ],
        },
      ],
      "id": 0,
      "jsDoc": undefined,
      "kind": 264,
      "localSymbol": undefined,
      "members": [],
      "modifierFlagsCache": 0,
      "modifiers": undefined,
      "name": IdentifierObject {
        "emitNode": undefined,
        "end": -1,
        "escapedText": "AccountsCounter",
        "flags": 16,
        "flowNode": undefined,
        "id": 0,
        "jsDoc": undefined,
        "kind": 80,
        "parent": undefined,
        "pos": -1,
        "symbol": undefined,
        "transformFlags": 0,
      },
      "original": undefined,
      "parent": undefined,
      "pos": -1,
      "symbol": undefined,
      "transformFlags": 1,
      "typeParameters": undefined,
    },
    "ExtendedGetter": NodeObject {
      "emitNode": undefined,
      "end": -1,
      "flags": 16,
      "heritageClauses": [
        NodeObject {
          "emitNode": undefined,
          "end": -1,
          "flags": 16,
          "id": 0,
          "kind": 298,
          "modifierFlagsCache": 0,
          "original": undefined,
          "parent": undefined,
          "pos": -1,
          "token": 96,
          "transformFlags": 1025,
          "types": [
            NodeObject {
              "emitNode": undefined,
              "end": -1,
              "expression": NodeObject {
                "emitNode": {
                  "flags": 262144,
                },
                "end": -1,
                "expression": IdentifierObject {
                  "emitNode": undefined,
                  "end": -1,
                  "escapedText": "RONIN",
                  "flags": 16,
                  "flowNode": undefined,
                  "id": 0,
                  "jsDoc": undefined,
                  "kind": 80,
                  "parent": undefined,
                  "pos": -1,
                  "symbol": undefined,
                  "transformFlags": 0,
                },
                "flags": 16,
                "flowNode": undefined,
                "id": 0,
                "jsDoc": undefined,
                "kind": 211,
                "localSymbol": undefined,
                "modifierFlagsCache": 0,
                "name": IdentifierObject {
                  "emitNode": undefined,
                  "end": -1,
                  "escapedText": "IGetterPlural",
                  "flags": 16,
                  "flowNode": undefined,
                  "id": 0,
                  "jsDoc": undefined,
                  "kind": 80,
                  "parent": undefined,
                  "pos": -1,
                  "symbol": undefined,
                  "transformFlags": 0,
                },
                "original": undefined,
                "parent": undefined,
                "pos": -1,
                "questionDotToken": undefined,
                "symbol": undefined,
                "transformFlags": 0,
              },
              "flags": 16,
              "id": 0,
              "kind": 233,
              "modifierFlagsCache": 0,
              "original": undefined,
              "parent": undefined,
              "pos": -1,
              "transformFlags": 1025,
              "typeArguments": [
                NodeObject {
                  "emitNode": undefined,
                  "end": -1,
                  "flags": 16,
                  "id": 0,
                  "kind": 183,
                  "modifierFlagsCache": 0,
                  "original": undefined,
                  "parent": undefined,
                  "pos": -1,
                  "transformFlags": 1,
                  "typeArguments": undefined,
                  "typeName": IdentifierObject {
                    "emitNode": undefined,
                    "end": -1,
                    "escapedText": "AccountSchema",
                    "flags": 16,
                    "flowNode": undefined,
                    "id": 0,
                    "jsDoc": undefined,
                    "kind": 80,
                    "parent": undefined,
                    "pos": -1,
                    "symbol": undefined,
                    "transformFlags": 0,
                  },
                },
              ],
            },
          ],
        },
      ],
      "id": 0,
      "jsDoc": undefined,
      "kind": 264,
      "localSymbol": undefined,
      "members": [],
      "modifierFlagsCache": 0,
      "modifiers": undefined,
      "name": IdentifierObject {
        "emitNode": undefined,
        "end": -1,
        "escapedText": "AccountsGetter",
        "flags": 16,
        "flowNode": undefined,
        "id": 0,
        "jsDoc": undefined,
        "kind": 80,
        "parent": undefined,
        "pos": -1,
        "symbol": undefined,
        "transformFlags": 0,
      },
      "original": undefined,
      "parent": undefined,
      "pos": -1,
      "symbol": undefined,
      "transformFlags": 1,
      "typeParameters": undefined,
    },
    "ExtendedRemover": NodeObject {
      "emitNode": undefined,
      "end": -1,
      "flags": 16,
      "heritageClauses": [
        NodeObject {
          "emitNode": undefined,
          "end": -1,
          "flags": 16,
          "id": 0,
          "kind": 298,
          "modifierFlagsCache": 0,
          "original": undefined,
          "parent": undefined,
          "pos": -1,
          "token": 96,
          "transformFlags": 1025,
          "types": [
            NodeObject {
              "emitNode": undefined,
              "end": -1,
              "expression": NodeObject {
                "emitNode": {
                  "flags": 262144,
                },
                "end": -1,
                "expression": IdentifierObject {
                  "emitNode": undefined,
                  "end": -1,
                  "escapedText": "RONIN",
                  "flags": 16,
                  "flowNode": undefined,
                  "id": 0,
                  "jsDoc": undefined,
                  "kind": 80,
                  "parent": undefined,
                  "pos": -1,
                  "symbol": undefined,
                  "transformFlags": 0,
                },
                "flags": 16,
                "flowNode": undefined,
                "id": 0,
                "jsDoc": undefined,
                "kind": 211,
                "localSymbol": undefined,
                "modifierFlagsCache": 0,
                "name": IdentifierObject {
                  "emitNode": undefined,
                  "end": -1,
                  "escapedText": "IRemover",
                  "flags": 16,
                  "flowNode": undefined,
                  "id": 0,
                  "jsDoc": undefined,
                  "kind": 80,
                  "parent": undefined,
                  "pos": -1,
                  "symbol": undefined,
                  "transformFlags": 0,
                },
                "original": undefined,
                "parent": undefined,
                "pos": -1,
                "questionDotToken": undefined,
                "symbol": undefined,
                "transformFlags": 0,
              },
              "flags": 16,
              "id": 0,
              "kind": 233,
              "modifierFlagsCache": 0,
              "original": undefined,
              "parent": undefined,
              "pos": -1,
              "transformFlags": 1025,
              "typeArguments": [
                NodeObject {
                  "emitNode": undefined,
                  "end": -1,
                  "flags": 16,
                  "id": 0,
                  "kind": 183,
                  "modifierFlagsCache": 0,
                  "original": undefined,
                  "parent": undefined,
                  "pos": -1,
                  "transformFlags": 1,
                  "typeArguments": undefined,
                  "typeName": IdentifierObject {
                    "emitNode": undefined,
                    "end": -1,
                    "escapedText": "AccountSchema",
                    "flags": 16,
                    "flowNode": undefined,
                    "id": 0,
                    "jsDoc": undefined,
                    "kind": 80,
                    "parent": undefined,
                    "pos": -1,
                    "symbol": undefined,
                    "transformFlags": 0,
                  },
                },
              ],
            },
          ],
        },
      ],
      "id": 0,
      "jsDoc": undefined,
      "kind": 264,
      "localSymbol": undefined,
      "members": [],
      "modifierFlagsCache": 0,
      "modifiers": undefined,
      "name": IdentifierObject {
        "emitNode": undefined,
        "end": -1,
        "escapedText": "AccountsRemover",
        "flags": 16,
        "flowNode": undefined,
        "id": 0,
        "jsDoc": undefined,
        "kind": 80,
        "parent": undefined,
        "pos": -1,
        "symbol": undefined,
        "transformFlags": 0,
      },
      "original": undefined,
      "parent": undefined,
      "pos": -1,
      "symbol": undefined,
      "transformFlags": 1,
      "typeParameters": undefined,
    },
    "ExtendedSetter": NodeObject {
      "emitNode": undefined,
      "end": -1,
      "flags": 16,
      "heritageClauses": [
        NodeObject {
          "emitNode": undefined,
          "end": -1,
          "flags": 16,
          "id": 0,
          "kind": 298,
          "modifierFlagsCache": 0,
          "original": undefined,
          "parent": undefined,
          "pos": -1,
          "token": 96,
          "transformFlags": 1025,
          "types": [
            NodeObject {
              "emitNode": undefined,
              "end": -1,
              "expression": NodeObject {
                "emitNode": {
                  "flags": 262144,
                },
                "end": -1,
                "expression": IdentifierObject {
                  "emitNode": undefined,
                  "end": -1,
                  "escapedText": "RONIN",
                  "flags": 16,
                  "flowNode": undefined,
                  "id": 0,
                  "jsDoc": undefined,
                  "kind": 80,
                  "parent": undefined,
                  "pos": -1,
                  "symbol": undefined,
                  "transformFlags": 0,
                },
                "flags": 16,
                "flowNode": undefined,
                "id": 0,
                "jsDoc": undefined,
                "kind": 211,
                "localSymbol": undefined,
                "modifierFlagsCache": 0,
                "name": IdentifierObject {
                  "emitNode": undefined,
                  "end": -1,
                  "escapedText": "ISetter",
                  "flags": 16,
                  "flowNode": undefined,
                  "id": 0,
                  "jsDoc": undefined,
                  "kind": 80,
                  "parent": undefined,
                  "pos": -1,
                  "symbol": undefined,
                  "transformFlags": 0,
                },
                "original": undefined,
                "parent": undefined,
                "pos": -1,
                "questionDotToken": undefined,
                "symbol": undefined,
                "transformFlags": 0,
              },
              "flags": 16,
              "id": 0,
              "kind": 233,
              "modifierFlagsCache": 0,
              "original": undefined,
              "parent": undefined,
              "pos": -1,
              "transformFlags": 1025,
              "typeArguments": [
                NodeObject {
                  "emitNode": undefined,
                  "end": -1,
                  "flags": 16,
                  "id": 0,
                  "kind": 183,
                  "modifierFlagsCache": 0,
                  "original": undefined,
                  "parent": undefined,
                  "pos": -1,
                  "transformFlags": 1,
                  "typeArguments": undefined,
                  "typeName": IdentifierObject {
                    "emitNode": undefined,
                    "end": -1,
                    "escapedText": "AccountSchema",
                    "flags": 16,
                    "flowNode": undefined,
                    "id": 0,
                    "jsDoc": undefined,
                    "kind": 80,
                    "parent": undefined,
                    "pos": -1,
                    "symbol": undefined,
                    "transformFlags": 0,
                  },
                },
              ],
            },
          ],
        },
      ],
      "id": 0,
      "jsDoc": undefined,
      "kind": 264,
      "localSymbol": undefined,
      "members": [],
      "modifierFlagsCache": 0,
      "modifiers": undefined,
      "name": IdentifierObject {
        "emitNode": undefined,
        "end": -1,
        "escapedText": "AccountsSetter",
        "flags": 16,
        "flowNode": undefined,
        "id": 0,
        "jsDoc": undefined,
        "kind": 80,
        "parent": undefined,
        "pos": -1,
        "symbol": undefined,
        "transformFlags": 0,
      },
      "original": undefined,
      "parent": undefined,
      "pos": -1,
      "symbol": undefined,
      "transformFlags": 1,
      "typeParameters": undefined,
    },
  },
  "singular": {
    "ExtendedAdder": NodeObject {
      "emitNode": undefined,
      "end": -1,
      "flags": 16,
      "heritageClauses": [
        NodeObject {
          "emitNode": undefined,
          "end": -1,
          "flags": 16,
          "id": 0,
          "kind": 298,
          "modifierFlagsCache": 0,
          "original": undefined,
          "parent": undefined,
          "pos": -1,
          "token": 96,
          "transformFlags": 1025,
          "types": [
            NodeObject {
              "emitNode": undefined,
              "end": -1,
              "expression": NodeObject {
                "emitNode": {
                  "flags": 262144,
                },
                "end": -1,
                "expression": IdentifierObject {
                  "emitNode": undefined,
                  "end": -1,
                  "escapedText": "RONIN",
                  "flags": 16,
                  "flowNode": undefined,
                  "id": 0,
                  "jsDoc": undefined,
                  "kind": 80,
                  "parent": undefined,
                  "pos": -1,
                  "symbol": undefined,
                  "transformFlags": 0,
                },
                "flags": 16,
                "flowNode": undefined,
                "id": 0,
                "jsDoc": undefined,
                "kind": 211,
                "localSymbol": undefined,
                "modifierFlagsCache": 0,
                "name": IdentifierObject {
                  "emitNode": undefined,
                  "end": -1,
                  "escapedText": "IAdder",
                  "flags": 16,
                  "flowNode": undefined,
                  "id": 0,
                  "jsDoc": undefined,
                  "kind": 80,
                  "parent": undefined,
                  "pos": -1,
                  "symbol": undefined,
                  "transformFlags": 0,
                },
                "original": undefined,
                "parent": undefined,
                "pos": -1,
                "questionDotToken": undefined,
                "symbol": undefined,
                "transformFlags": 0,
              },
              "flags": 16,
              "id": 0,
              "kind": 233,
              "modifierFlagsCache": 0,
              "original": undefined,
              "parent": undefined,
              "pos": -1,
              "transformFlags": 1025,
              "typeArguments": [
                NodeObject {
                  "emitNode": undefined,
                  "end": -1,
                  "flags": 16,
                  "id": 0,
                  "kind": 183,
                  "modifierFlagsCache": 0,
                  "original": undefined,
                  "parent": undefined,
                  "pos": -1,
                  "transformFlags": 1,
                  "typeArguments": undefined,
                  "typeName": IdentifierObject {
                    "emitNode": undefined,
                    "end": -1,
                    "escapedText": "AccountSchema",
                    "flags": 16,
                    "flowNode": undefined,
                    "id": 0,
                    "jsDoc": undefined,
                    "kind": 80,
                    "parent": undefined,
                    "pos": -1,
                    "symbol": undefined,
                    "transformFlags": 0,
                  },
                },
              ],
            },
          ],
        },
      ],
      "id": 0,
      "jsDoc": undefined,
      "kind": 264,
      "localSymbol": undefined,
      "members": [],
      "modifierFlagsCache": 0,
      "modifiers": undefined,
      "name": IdentifierObject {
        "emitNode": undefined,
        "end": -1,
        "escapedText": "AccountAdder",
        "flags": 16,
        "flowNode": undefined,
        "id": 0,
        "jsDoc": undefined,
        "kind": 80,
        "parent": undefined,
        "pos": -1,
        "symbol": undefined,
        "transformFlags": 0,
      },
      "original": undefined,
      "parent": undefined,
      "pos": -1,
      "symbol": undefined,
      "transformFlags": 1,
      "typeParameters": undefined,
    },
    "ExtendedCounter": NodeObject {
      "emitNode": undefined,
      "end": -1,
      "flags": 16,
      "heritageClauses": [
        NodeObject {
          "emitNode": undefined,
          "end": -1,
          "flags": 16,
          "id": 0,
          "kind": 298,
          "modifierFlagsCache": 0,
          "original": undefined,
          "parent": undefined,
          "pos": -1,
          "token": 96,
          "transformFlags": 1025,
          "types": [
            NodeObject {
              "emitNode": undefined,
              "end": -1,
              "expression": NodeObject {
                "emitNode": {
                  "flags": 262144,
                },
                "end": -1,
                "expression": IdentifierObject {
                  "emitNode": undefined,
                  "end": -1,
                  "escapedText": "RONIN",
                  "flags": 16,
                  "flowNode": undefined,
                  "id": 0,
                  "jsDoc": undefined,
                  "kind": 80,
                  "parent": undefined,
                  "pos": -1,
                  "symbol": undefined,
                  "transformFlags": 0,
                },
                "flags": 16,
                "flowNode": undefined,
                "id": 0,
                "jsDoc": undefined,
                "kind": 211,
                "localSymbol": undefined,
                "modifierFlagsCache": 0,
                "name": IdentifierObject {
                  "emitNode": undefined,
                  "end": -1,
                  "escapedText": "ICounter",
                  "flags": 16,
                  "flowNode": undefined,
                  "id": 0,
                  "jsDoc": undefined,
                  "kind": 80,
                  "parent": undefined,
                  "pos": -1,
                  "symbol": undefined,
                  "transformFlags": 0,
                },
                "original": undefined,
                "parent": undefined,
                "pos": -1,
                "questionDotToken": undefined,
                "symbol": undefined,
                "transformFlags": 0,
              },
              "flags": 16,
              "id": 0,
              "kind": 233,
              "modifierFlagsCache": 0,
              "original": undefined,
              "parent": undefined,
              "pos": -1,
              "transformFlags": 1025,
              "typeArguments": [
                NodeObject {
                  "emitNode": undefined,
                  "end": -1,
                  "flags": 16,
                  "id": 0,
                  "kind": 183,
                  "modifierFlagsCache": 0,
                  "original": undefined,
                  "parent": undefined,
                  "pos": -1,
                  "transformFlags": 1,
                  "typeArguments": undefined,
                  "typeName": IdentifierObject {
                    "emitNode": undefined,
                    "end": -1,
                    "escapedText": "AccountSchema",
                    "flags": 16,
                    "flowNode": undefined,
                    "id": 0,
                    "jsDoc": undefined,
                    "kind": 80,
                    "parent": undefined,
                    "pos": -1,
                    "symbol": undefined,
                    "transformFlags": 0,
                  },
                },
              ],
            },
          ],
        },
      ],
      "id": 0,
      "jsDoc": undefined,
      "kind": 264,
      "localSymbol": undefined,
      "members": [],
      "modifierFlagsCache": 0,
      "modifiers": undefined,
      "name": IdentifierObject {
        "emitNode": undefined,
        "end": -1,
        "escapedText": "AccountCounter",
        "flags": 16,
        "flowNode": undefined,
        "id": 0,
        "jsDoc": undefined,
        "kind": 80,
        "parent": undefined,
        "pos": -1,
        "symbol": undefined,
        "transformFlags": 0,
      },
      "original": undefined,
      "parent": undefined,
      "pos": -1,
      "symbol": undefined,
      "transformFlags": 1,
      "typeParameters": undefined,
    },
    "ExtendedGetter": NodeObject {
      "emitNode": undefined,
      "end": -1,
      "flags": 16,
      "heritageClauses": [
        NodeObject {
          "emitNode": undefined,
          "end": -1,
          "flags": 16,
          "id": 0,
          "kind": 298,
          "modifierFlagsCache": 0,
          "original": undefined,
          "parent": undefined,
          "pos": -1,
          "token": 96,
          "transformFlags": 1025,
          "types": [
            NodeObject {
              "emitNode": undefined,
              "end": -1,
              "expression": NodeObject {
                "emitNode": {
                  "flags": 262144,
                },
                "end": -1,
                "expression": IdentifierObject {
                  "emitNode": undefined,
                  "end": -1,
                  "escapedText": "RONIN",
                  "flags": 16,
                  "flowNode": undefined,
                  "id": 0,
                  "jsDoc": undefined,
                  "kind": 80,
                  "parent": undefined,
                  "pos": -1,
                  "symbol": undefined,
                  "transformFlags": 0,
                },
                "flags": 16,
                "flowNode": undefined,
                "id": 0,
                "jsDoc": undefined,
                "kind": 211,
                "localSymbol": undefined,
                "modifierFlagsCache": 0,
                "name": IdentifierObject {
                  "emitNode": undefined,
                  "end": -1,
                  "escapedText": "IGetterSingular",
                  "flags": 16,
                  "flowNode": undefined,
                  "id": 0,
                  "jsDoc": undefined,
                  "kind": 80,
                  "parent": undefined,
                  "pos": -1,
                  "symbol": undefined,
                  "transformFlags": 0,
                },
                "original": undefined,
                "parent": undefined,
                "pos": -1,
                "questionDotToken": undefined,
                "symbol": undefined,
                "transformFlags": 0,
              },
              "flags": 16,
              "id": 0,
              "kind": 233,
              "modifierFlagsCache": 0,
              "original": undefined,
              "parent": undefined,
              "pos": -1,
              "transformFlags": 1025,
              "typeArguments": [
                NodeObject {
                  "emitNode": undefined,
                  "end": -1,
                  "flags": 16,
                  "id": 0,
                  "kind": 183,
                  "modifierFlagsCache": 0,
                  "original": undefined,
                  "parent": undefined,
                  "pos": -1,
                  "transformFlags": 1,
                  "typeArguments": undefined,
                  "typeName": IdentifierObject {
                    "emitNode": undefined,
                    "end": -1,
                    "escapedText": "AccountSchema",
                    "flags": 16,
                    "flowNode": undefined,
                    "id": 0,
                    "jsDoc": undefined,
                    "kind": 80,
                    "parent": undefined,
                    "pos": -1,
                    "symbol": undefined,
                    "transformFlags": 0,
                  },
                },
              ],
            },
          ],
        },
      ],
      "id": 0,
      "jsDoc": undefined,
      "kind": 264,
      "localSymbol": undefined,
      "members": [],
      "modifierFlagsCache": 0,
      "modifiers": undefined,
      "name": IdentifierObject {
        "emitNode": undefined,
        "end": -1,
        "escapedText": "AccountGetter",
        "flags": 16,
        "flowNode": undefined,
        "id": 0,
        "jsDoc": undefined,
        "kind": 80,
        "parent": undefined,
        "pos": -1,
        "symbol": undefined,
        "transformFlags": 0,
      },
      "original": undefined,
      "parent": undefined,
      "pos": -1,
      "symbol": undefined,
      "transformFlags": 1,
      "typeParameters": undefined,
    },
    "ExtendedRemover": NodeObject {
      "emitNode": undefined,
      "end": -1,
      "flags": 16,
      "heritageClauses": [
        NodeObject {
          "emitNode": undefined,
          "end": -1,
          "flags": 16,
          "id": 0,
          "kind": 298,
          "modifierFlagsCache": 0,
          "original": undefined,
          "parent": undefined,
          "pos": -1,
          "token": 96,
          "transformFlags": 1025,
          "types": [
            NodeObject {
              "emitNode": undefined,
              "end": -1,
              "expression": NodeObject {
                "emitNode": {
                  "flags": 262144,
                },
                "end": -1,
                "expression": IdentifierObject {
                  "emitNode": undefined,
                  "end": -1,
                  "escapedText": "RONIN",
                  "flags": 16,
                  "flowNode": undefined,
                  "id": 0,
                  "jsDoc": undefined,
                  "kind": 80,
                  "parent": undefined,
                  "pos": -1,
                  "symbol": undefined,
                  "transformFlags": 0,
                },
                "flags": 16,
                "flowNode": undefined,
                "id": 0,
                "jsDoc": undefined,
                "kind": 211,
                "localSymbol": undefined,
                "modifierFlagsCache": 0,
                "name": IdentifierObject {
                  "emitNode": undefined,
                  "end": -1,
                  "escapedText": "IRemover",
                  "flags": 16,
                  "flowNode": undefined,
                  "id": 0,
                  "jsDoc": undefined,
                  "kind": 80,
                  "parent": undefined,
                  "pos": -1,
                  "symbol": undefined,
                  "transformFlags": 0,
                },
                "original": undefined,
                "parent": undefined,
                "pos": -1,
                "questionDotToken": undefined,
                "symbol": undefined,
                "transformFlags": 0,
              },
              "flags": 16,
              "id": 0,
              "kind": 233,
              "modifierFlagsCache": 0,
              "original": undefined,
              "parent": undefined,
              "pos": -1,
              "transformFlags": 1025,
              "typeArguments": [
                NodeObject {
                  "emitNode": undefined,
                  "end": -1,
                  "flags": 16,
                  "id": 0,
                  "kind": 183,
                  "modifierFlagsCache": 0,
                  "original": undefined,
                  "parent": undefined,
                  "pos": -1,
                  "transformFlags": 1,
                  "typeArguments": undefined,
                  "typeName": IdentifierObject {
                    "emitNode": undefined,
                    "end": -1,
                    "escapedText": "AccountSchema",
                    "flags": 16,
                    "flowNode": undefined,
                    "id": 0,
                    "jsDoc": undefined,
                    "kind": 80,
                    "parent": undefined,
                    "pos": -1,
                    "symbol": undefined,
                    "transformFlags": 0,
                  },
                },
              ],
            },
          ],
        },
      ],
      "id": 0,
      "jsDoc": undefined,
      "kind": 264,
      "localSymbol": undefined,
      "members": [],
      "modifierFlagsCache": 0,
      "modifiers": undefined,
      "name": IdentifierObject {
        "emitNode": undefined,
        "end": -1,
        "escapedText": "AccountRemover",
        "flags": 16,
        "flowNode": undefined,
        "id": 0,
        "jsDoc": undefined,
        "kind": 80,
        "parent": undefined,
        "pos": -1,
        "symbol": undefined,
        "transformFlags": 0,
      },
      "original": undefined,
      "parent": undefined,
      "pos": -1,
      "symbol": undefined,
      "transformFlags": 1,
      "typeParameters": undefined,
    },
    "ExtendedSetter": NodeObject {
      "emitNode": undefined,
      "end": -1,
      "flags": 16,
      "heritageClauses": [
        NodeObject {
          "emitNode": undefined,
          "end": -1,
          "flags": 16,
          "id": 0,
          "kind": 298,
          "modifierFlagsCache": 0,
          "original": undefined,
          "parent": undefined,
          "pos": -1,
          "token": 96,
          "transformFlags": 1025,
          "types": [
            NodeObject {
              "emitNode": undefined,
              "end": -1,
              "expression": NodeObject {
                "emitNode": {
                  "flags": 262144,
                },
                "end": -1,
                "expression": IdentifierObject {
                  "emitNode": undefined,
                  "end": -1,
                  "escapedText": "RONIN",
                  "flags": 16,
                  "flowNode": undefined,
                  "id": 0,
                  "jsDoc": undefined,
                  "kind": 80,
                  "parent": undefined,
                  "pos": -1,
                  "symbol": undefined,
                  "transformFlags": 0,
                },
                "flags": 16,
                "flowNode": undefined,
                "id": 0,
                "jsDoc": undefined,
                "kind": 211,
                "localSymbol": undefined,
                "modifierFlagsCache": 0,
                "name": IdentifierObject {
                  "emitNode": undefined,
                  "end": -1,
                  "escapedText": "ISetter",
                  "flags": 16,
                  "flowNode": undefined,
                  "id": 0,
                  "jsDoc": undefined,
                  "kind": 80,
                  "parent": undefined,
                  "pos": -1,
                  "symbol": undefined,
                  "transformFlags": 0,
                },
                "original": undefined,
                "parent": undefined,
                "pos": -1,
                "questionDotToken": undefined,
                "symbol": undefined,
                "transformFlags": 0,
              },
              "flags": 16,
              "id": 0,
              "kind": 233,
              "modifierFlagsCache": 0,
              "original": undefined,
              "parent": undefined,
              "pos": -1,
              "transformFlags": 1025,
              "typeArguments": [
                NodeObject {
                  "emitNode": undefined,
                  "end": -1,
                  "flags": 16,
                  "id": 0,
                  "kind": 183,
                  "modifierFlagsCache": 0,
                  "original": undefined,
                  "parent": undefined,
                  "pos": -1,
                  "transformFlags": 1,
                  "typeArguments": undefined,
                  "typeName": IdentifierObject {
                    "emitNode": undefined,
                    "end": -1,
                    "escapedText": "AccountSchema",
                    "flags": 16,
                    "flowNode": undefined,
                    "id": 0,
                    "jsDoc": undefined,
                    "kind": 80,
                    "parent": undefined,
                    "pos": -1,
                    "symbol": undefined,
                    "transformFlags": 0,
                  },
                },
              ],
            },
          ],
        },
      ],
      "id": 0,
      "jsDoc": undefined,
      "kind": 264,
      "localSymbol": undefined,
      "members": [],
      "modifierFlagsCache": 0,
      "modifiers": undefined,
      "name": IdentifierObject {
        "emitNode": undefined,
        "end": -1,
        "escapedText": "AccountSetter",
        "flags": 16,
        "flowNode": undefined,
        "id": 0,
        "jsDoc": undefined,
        "kind": 80,
        "parent": undefined,
        "pos": -1,
        "symbol": undefined,
        "transformFlags": 0,
      },
      "original": undefined,
      "parent": undefined,
      "pos": -1,
      "symbol": undefined,
      "transformFlags": 1,
      "typeParameters": undefined,
    },
  },
}
`;

exports[`accessors a model with empty slug / plural slug 1`] = `
{
  "plural": {
    "ExtendedAdder": NodeObject {
      "emitNode": undefined,
      "end": -1,
      "flags": 16,
      "heritageClauses": [
        NodeObject {
          "emitNode": undefined,
          "end": -1,
          "flags": 16,
          "id": 0,
          "kind": 298,
          "modifierFlagsCache": 0,
          "original": undefined,
          "parent": undefined,
          "pos": -1,
          "token": 96,
          "transformFlags": 1025,
          "types": [
            NodeObject {
              "emitNode": undefined,
              "end": -1,
              "expression": NodeObject {
                "emitNode": {
                  "flags": 262144,
                },
                "end": -1,
                "expression": IdentifierObject {
                  "emitNode": undefined,
                  "end": -1,
                  "escapedText": "RONIN",
                  "flags": 16,
                  "flowNode": undefined,
                  "id": 0,
                  "jsDoc": undefined,
                  "kind": 80,
                  "parent": undefined,
                  "pos": -1,
                  "symbol": undefined,
                  "transformFlags": 0,
                },
                "flags": 16,
                "flowNode": undefined,
                "id": 0,
                "jsDoc": undefined,
                "kind": 211,
                "localSymbol": undefined,
                "modifierFlagsCache": 0,
                "name": IdentifierObject {
                  "emitNode": undefined,
                  "end": -1,
                  "escapedText": "IAdder",
                  "flags": 16,
                  "flowNode": undefined,
                  "id": 0,
                  "jsDoc": undefined,
                  "kind": 80,
                  "parent": undefined,
                  "pos": -1,
                  "symbol": undefined,
                  "transformFlags": 0,
                },
                "original": undefined,
                "parent": undefined,
                "pos": -1,
                "questionDotToken": undefined,
                "symbol": undefined,
                "transformFlags": 0,
              },
              "flags": 16,
              "id": 0,
              "kind": 233,
              "modifierFlagsCache": 0,
              "original": undefined,
              "parent": undefined,
              "pos": -1,
              "transformFlags": 1025,
              "typeArguments": [
                NodeObject {
                  "emitNode": undefined,
                  "end": -1,
                  "flags": 16,
                  "id": 0,
                  "kind": 183,
                  "modifierFlagsCache": 0,
                  "original": undefined,
                  "parent": undefined,
                  "pos": -1,
                  "transformFlags": 1,
                  "typeArguments": undefined,
                  "typeName": IdentifierObject {
                    "emitNode": undefined,
                    "end": -1,
                    "escapedText": "Schema",
                    "flags": 16,
                    "flowNode": undefined,
                    "id": 0,
                    "jsDoc": undefined,
                    "kind": 80,
                    "parent": undefined,
                    "pos": -1,
                    "symbol": undefined,
                    "transformFlags": 0,
                  },
                },
              ],
            },
          ],
        },
      ],
      "id": 0,
      "jsDoc": undefined,
      "kind": 264,
      "localSymbol": undefined,
      "members": [],
      "modifierFlagsCache": 0,
      "modifiers": undefined,
      "name": IdentifierObject {
        "emitNode": undefined,
        "end": -1,
        "escapedText": "Adder",
        "flags": 16,
        "flowNode": undefined,
        "id": 0,
        "jsDoc": undefined,
        "kind": 80,
        "parent": undefined,
        "pos": -1,
        "symbol": undefined,
        "transformFlags": 0,
      },
      "original": undefined,
      "parent": undefined,
      "pos": -1,
      "symbol": undefined,
      "transformFlags": 1,
      "typeParameters": undefined,
    },
    "ExtendedCounter": NodeObject {
      "emitNode": undefined,
      "end": -1,
      "flags": 16,
      "heritageClauses": [
        NodeObject {
          "emitNode": undefined,
          "end": -1,
          "flags": 16,
          "id": 0,
          "kind": 298,
          "modifierFlagsCache": 0,
          "original": undefined,
          "parent": undefined,
          "pos": -1,
          "token": 96,
          "transformFlags": 1025,
          "types": [
            NodeObject {
              "emitNode": undefined,
              "end": -1,
              "expression": NodeObject {
                "emitNode": {
                  "flags": 262144,
                },
                "end": -1,
                "expression": IdentifierObject {
                  "emitNode": undefined,
                  "end": -1,
                  "escapedText": "RONIN",
                  "flags": 16,
                  "flowNode": undefined,
                  "id": 0,
                  "jsDoc": undefined,
                  "kind": 80,
                  "parent": undefined,
                  "pos": -1,
                  "symbol": undefined,
                  "transformFlags": 0,
                },
                "flags": 16,
                "flowNode": undefined,
                "id": 0,
                "jsDoc": undefined,
                "kind": 211,
                "localSymbol": undefined,
                "modifierFlagsCache": 0,
                "name": IdentifierObject {
                  "emitNode": undefined,
                  "end": -1,
                  "escapedText": "ICounter",
                  "flags": 16,
                  "flowNode": undefined,
                  "id": 0,
                  "jsDoc": undefined,
                  "kind": 80,
                  "parent": undefined,
                  "pos": -1,
                  "symbol": undefined,
                  "transformFlags": 0,
                },
                "original": undefined,
                "parent": undefined,
                "pos": -1,
                "questionDotToken": undefined,
                "symbol": undefined,
                "transformFlags": 0,
              },
              "flags": 16,
              "id": 0,
              "kind": 233,
              "modifierFlagsCache": 0,
              "original": undefined,
              "parent": undefined,
              "pos": -1,
              "transformFlags": 1025,
              "typeArguments": [
                NodeObject {
                  "emitNode": undefined,
                  "end": -1,
                  "flags": 16,
                  "id": 0,
                  "kind": 183,
                  "modifierFlagsCache": 0,
                  "original": undefined,
                  "parent": undefined,
                  "pos": -1,
                  "transformFlags": 1,
                  "typeArguments": undefined,
                  "typeName": IdentifierObject {
                    "emitNode": undefined,
                    "end": -1,
                    "escapedText": "Schema",
                    "flags": 16,
                    "flowNode": undefined,
                    "id": 0,
                    "jsDoc": undefined,
                    "kind": 80,
                    "parent": undefined,
                    "pos": -1,
                    "symbol": undefined,
                    "transformFlags": 0,
                  },
                },
              ],
            },
          ],
        },
      ],
      "id": 0,
      "jsDoc": undefined,
      "kind": 264,
      "localSymbol": undefined,
      "members": [],
      "modifierFlagsCache": 0,
      "modifiers": undefined,
      "name": IdentifierObject {
        "emitNode": undefined,
        "end": -1,
        "escapedText": "Counter",
        "flags": 16,
        "flowNode": undefined,
        "id": 0,
        "jsDoc": undefined,
        "kind": 80,
        "parent": undefined,
        "pos": -1,
        "symbol": undefined,
        "transformFlags": 0,
      },
      "original": undefined,
      "parent": undefined,
      "pos": -1,
      "symbol": undefined,
      "transformFlags": 1,
      "typeParameters": undefined,
    },
    "ExtendedGetter": NodeObject {
      "emitNode": undefined,
      "end": -1,
      "flags": 16,
      "heritageClauses": [
        NodeObject {
          "emitNode": undefined,
          "end": -1,
          "flags": 16,
          "id": 0,
          "kind": 298,
          "modifierFlagsCache": 0,
          "original": undefined,
          "parent": undefined,
          "pos": -1,
          "token": 96,
          "transformFlags": 1025,
          "types": [
            NodeObject {
              "emitNode": undefined,
              "end": -1,
              "expression": NodeObject {
                "emitNode": {
                  "flags": 262144,
                },
                "end": -1,
                "expression": IdentifierObject {
                  "emitNode": undefined,
                  "end": -1,
                  "escapedText": "RONIN",
                  "flags": 16,
                  "flowNode": undefined,
                  "id": 0,
                  "jsDoc": undefined,
                  "kind": 80,
                  "parent": undefined,
                  "pos": -1,
                  "symbol": undefined,
                  "transformFlags": 0,
                },
                "flags": 16,
                "flowNode": undefined,
                "id": 0,
                "jsDoc": undefined,
                "kind": 211,
                "localSymbol": undefined,
                "modifierFlagsCache": 0,
                "name": IdentifierObject {
                  "emitNode": undefined,
                  "end": -1,
                  "escapedText": "IGetterPlural",
                  "flags": 16,
                  "flowNode": undefined,
                  "id": 0,
                  "jsDoc": undefined,
                  "kind": 80,
                  "parent": undefined,
                  "pos": -1,
                  "symbol": undefined,
                  "transformFlags": 0,
                },
                "original": undefined,
                "parent": undefined,
                "pos": -1,
                "questionDotToken": undefined,
                "symbol": undefined,
                "transformFlags": 0,
              },
              "flags": 16,
              "id": 0,
              "kind": 233,
              "modifierFlagsCache": 0,
              "original": undefined,
              "parent": undefined,
              "pos": -1,
              "transformFlags": 1025,
              "typeArguments": [
                NodeObject {
                  "emitNode": undefined,
                  "end": -1,
                  "flags": 16,
                  "id": 0,
                  "kind": 183,
                  "modifierFlagsCache": 0,
                  "original": undefined,
                  "parent": undefined,
                  "pos": -1,
                  "transformFlags": 1,
                  "typeArguments": undefined,
                  "typeName": IdentifierObject {
                    "emitNode": undefined,
                    "end": -1,
                    "escapedText": "Schema",
                    "flags": 16,
                    "flowNode": undefined,
                    "id": 0,
                    "jsDoc": undefined,
                    "kind": 80,
                    "parent": undefined,
                    "pos": -1,
                    "symbol": undefined,
                    "transformFlags": 0,
                  },
                },
              ],
            },
          ],
        },
      ],
      "id": 0,
      "jsDoc": undefined,
      "kind": 264,
      "localSymbol": undefined,
      "members": [],
      "modifierFlagsCache": 0,
      "modifiers": undefined,
      "name": IdentifierObject {
        "emitNode": undefined,
        "end": -1,
        "escapedText": "Getter",
        "flags": 16,
        "flowNode": undefined,
        "id": 0,
        "jsDoc": undefined,
        "kind": 80,
        "parent": undefined,
        "pos": -1,
        "symbol": undefined,
        "transformFlags": 0,
      },
      "original": undefined,
      "parent": undefined,
      "pos": -1,
      "symbol": undefined,
      "transformFlags": 1,
      "typeParameters": undefined,
    },
    "ExtendedRemover": NodeObject {
      "emitNode": undefined,
      "end": -1,
      "flags": 16,
      "heritageClauses": [
        NodeObject {
          "emitNode": undefined,
          "end": -1,
          "flags": 16,
          "id": 0,
          "kind": 298,
          "modifierFlagsCache": 0,
          "original": undefined,
          "parent": undefined,
          "pos": -1,
          "token": 96,
          "transformFlags": 1025,
          "types": [
            NodeObject {
              "emitNode": undefined,
              "end": -1,
              "expression": NodeObject {
                "emitNode": {
                  "flags": 262144,
                },
                "end": -1,
                "expression": IdentifierObject {
                  "emitNode": undefined,
                  "end": -1,
                  "escapedText": "RONIN",
                  "flags": 16,
                  "flowNode": undefined,
                  "id": 0,
                  "jsDoc": undefined,
                  "kind": 80,
                  "parent": undefined,
                  "pos": -1,
                  "symbol": undefined,
                  "transformFlags": 0,
                },
                "flags": 16,
                "flowNode": undefined,
                "id": 0,
                "jsDoc": undefined,
                "kind": 211,
                "localSymbol": undefined,
                "modifierFlagsCache": 0,
                "name": IdentifierObject {
                  "emitNode": undefined,
                  "end": -1,
                  "escapedText": "IRemover",
                  "flags": 16,
                  "flowNode": undefined,
                  "id": 0,
                  "jsDoc": undefined,
                  "kind": 80,
                  "parent": undefined,
                  "pos": -1,
                  "symbol": undefined,
                  "transformFlags": 0,
                },
                "original": undefined,
                "parent": undefined,
                "pos": -1,
                "questionDotToken": undefined,
                "symbol": undefined,
                "transformFlags": 0,
              },
              "flags": 16,
              "id": 0,
              "kind": 233,
              "modifierFlagsCache": 0,
              "original": undefined,
              "parent": undefined,
              "pos": -1,
              "transformFlags": 1025,
              "typeArguments": [
                NodeObject {
                  "emitNode": undefined,
                  "end": -1,
                  "flags": 16,
                  "id": 0,
                  "kind": 183,
                  "modifierFlagsCache": 0,
                  "original": undefined,
                  "parent": undefined,
                  "pos": -1,
                  "transformFlags": 1,
                  "typeArguments": undefined,
                  "typeName": IdentifierObject {
                    "emitNode": undefined,
                    "end": -1,
                    "escapedText": "Schema",
                    "flags": 16,
                    "flowNode": undefined,
                    "id": 0,
                    "jsDoc": undefined,
                    "kind": 80,
                    "parent": undefined,
                    "pos": -1,
                    "symbol": undefined,
                    "transformFlags": 0,
                  },
                },
              ],
            },
          ],
        },
      ],
      "id": 0,
      "jsDoc": undefined,
      "kind": 264,
      "localSymbol": undefined,
      "members": [],
      "modifierFlagsCache": 0,
      "modifiers": undefined,
      "name": IdentifierObject {
        "emitNode": undefined,
        "end": -1,
        "escapedText": "Remover",
        "flags": 16,
        "flowNode": undefined,
        "id": 0,
        "jsDoc": undefined,
        "kind": 80,
        "parent": undefined,
        "pos": -1,
        "symbol": undefined,
        "transformFlags": 0,
      },
      "original": undefined,
      "parent": undefined,
      "pos": -1,
      "symbol": undefined,
      "transformFlags": 1,
      "typeParameters": undefined,
    },
    "ExtendedSetter": NodeObject {
      "emitNode": undefined,
      "end": -1,
      "flags": 16,
      "heritageClauses": [
        NodeObject {
          "emitNode": undefined,
          "end": -1,
          "flags": 16,
          "id": 0,
          "kind": 298,
          "modifierFlagsCache": 0,
          "original": undefined,
          "parent": undefined,
          "pos": -1,
          "token": 96,
          "transformFlags": 1025,
          "types": [
            NodeObject {
              "emitNode": undefined,
              "end": -1,
              "expression": NodeObject {
                "emitNode": {
                  "flags": 262144,
                },
                "end": -1,
                "expression": IdentifierObject {
                  "emitNode": undefined,
                  "end": -1,
                  "escapedText": "RONIN",
                  "flags": 16,
                  "flowNode": undefined,
                  "id": 0,
                  "jsDoc": undefined,
                  "kind": 80,
                  "parent": undefined,
                  "pos": -1,
                  "symbol": undefined,
                  "transformFlags": 0,
                },
                "flags": 16,
                "flowNode": undefined,
                "id": 0,
                "jsDoc": undefined,
                "kind": 211,
                "localSymbol": undefined,
                "modifierFlagsCache": 0,
                "name": IdentifierObject {
                  "emitNode": undefined,
                  "end": -1,
                  "escapedText": "ISetter",
                  "flags": 16,
                  "flowNode": undefined,
                  "id": 0,
                  "jsDoc": undefined,
                  "kind": 80,
                  "parent": undefined,
                  "pos": -1,
                  "symbol": undefined,
                  "transformFlags": 0,
                },
                "original": undefined,
                "parent": undefined,
                "pos": -1,
                "questionDotToken": undefined,
                "symbol": undefined,
                "transformFlags": 0,
              },
              "flags": 16,
              "id": 0,
              "kind": 233,
              "modifierFlagsCache": 0,
              "original": undefined,
              "parent": undefined,
              "pos": -1,
              "transformFlags": 1025,
              "typeArguments": [
                NodeObject {
                  "emitNode": undefined,
                  "end": -1,
                  "flags": 16,
                  "id": 0,
                  "kind": 183,
                  "modifierFlagsCache": 0,
                  "original": undefined,
                  "parent": undefined,
                  "pos": -1,
                  "transformFlags": 1,
                  "typeArguments": undefined,
                  "typeName": IdentifierObject {
                    "emitNode": undefined,
                    "end": -1,
                    "escapedText": "Schema",
                    "flags": 16,
                    "flowNode": undefined,
                    "id": 0,
                    "jsDoc": undefined,
                    "kind": 80,
                    "parent": undefined,
                    "pos": -1,
                    "symbol": undefined,
                    "transformFlags": 0,
                  },
                },
              ],
            },
          ],
        },
      ],
      "id": 0,
      "jsDoc": undefined,
      "kind": 264,
      "localSymbol": undefined,
      "members": [],
      "modifierFlagsCache": 0,
      "modifiers": undefined,
      "name": IdentifierObject {
        "emitNode": undefined,
        "end": -1,
        "escapedText": "Setter",
        "flags": 16,
        "flowNode": undefined,
        "id": 0,
        "jsDoc": undefined,
        "kind": 80,
        "parent": undefined,
        "pos": -1,
        "symbol": undefined,
        "transformFlags": 0,
      },
      "original": undefined,
      "parent": undefined,
      "pos": -1,
      "symbol": undefined,
      "transformFlags": 1,
      "typeParameters": undefined,
    },
  },
  "singular": {
    "ExtendedAdder": NodeObject {
      "emitNode": undefined,
      "end": -1,
      "flags": 16,
      "heritageClauses": [
        NodeObject {
          "emitNode": undefined,
          "end": -1,
          "flags": 16,
          "id": 0,
          "kind": 298,
          "modifierFlagsCache": 0,
          "original": undefined,
          "parent": undefined,
          "pos": -1,
          "token": 96,
          "transformFlags": 1025,
          "types": [
            NodeObject {
              "emitNode": undefined,
              "end": -1,
              "expression": NodeObject {
                "emitNode": {
                  "flags": 262144,
                },
                "end": -1,
                "expression": IdentifierObject {
                  "emitNode": undefined,
                  "end": -1,
                  "escapedText": "RONIN",
                  "flags": 16,
                  "flowNode": undefined,
                  "id": 0,
                  "jsDoc": undefined,
                  "kind": 80,
                  "parent": undefined,
                  "pos": -1,
                  "symbol": undefined,
                  "transformFlags": 0,
                },
                "flags": 16,
                "flowNode": undefined,
                "id": 0,
                "jsDoc": undefined,
                "kind": 211,
                "localSymbol": undefined,
                "modifierFlagsCache": 0,
                "name": IdentifierObject {
                  "emitNode": undefined,
                  "end": -1,
                  "escapedText": "IAdder",
                  "flags": 16,
                  "flowNode": undefined,
                  "id": 0,
                  "jsDoc": undefined,
                  "kind": 80,
                  "parent": undefined,
                  "pos": -1,
                  "symbol": undefined,
                  "transformFlags": 0,
                },
                "original": undefined,
                "parent": undefined,
                "pos": -1,
                "questionDotToken": undefined,
                "symbol": undefined,
                "transformFlags": 0,
              },
              "flags": 16,
              "id": 0,
              "kind": 233,
              "modifierFlagsCache": 0,
              "original": undefined,
              "parent": undefined,
              "pos": -1,
              "transformFlags": 1025,
              "typeArguments": [
                NodeObject {
                  "emitNode": undefined,
                  "end": -1,
                  "flags": 16,
                  "id": 0,
                  "kind": 183,
                  "modifierFlagsCache": 0,
                  "original": undefined,
                  "parent": undefined,
                  "pos": -1,
                  "transformFlags": 1,
                  "typeArguments": undefined,
                  "typeName": IdentifierObject {
                    "emitNode": undefined,
                    "end": -1,
                    "escapedText": "Schema",
                    "flags": 16,
                    "flowNode": undefined,
                    "id": 0,
                    "jsDoc": undefined,
                    "kind": 80,
                    "parent": undefined,
                    "pos": -1,
                    "symbol": undefined,
                    "transformFlags": 0,
                  },
                },
              ],
            },
          ],
        },
      ],
      "id": 0,
      "jsDoc": undefined,
      "kind": 264,
      "localSymbol": undefined,
      "members": [],
      "modifierFlagsCache": 0,
      "modifiers": undefined,
      "name": IdentifierObject {
        "emitNode": undefined,
        "end": -1,
        "escapedText": "Adder",
        "flags": 16,
        "flowNode": undefined,
        "id": 0,
        "jsDoc": undefined,
        "kind": 80,
        "parent": undefined,
        "pos": -1,
        "symbol": undefined,
        "transformFlags": 0,
      },
      "original": undefined,
      "parent": undefined,
      "pos": -1,
      "symbol": undefined,
      "transformFlags": 1,
      "typeParameters": undefined,
    },
    "ExtendedCounter": NodeObject {
      "emitNode": undefined,
      "end": -1,
      "flags": 16,
      "heritageClauses": [
        NodeObject {
          "emitNode": undefined,
          "end": -1,
          "flags": 16,
          "id": 0,
          "kind": 298,
          "modifierFlagsCache": 0,
          "original": undefined,
          "parent": undefined,
          "pos": -1,
          "token": 96,
          "transformFlags": 1025,
          "types": [
            NodeObject {
              "emitNode": undefined,
              "end": -1,
              "expression": NodeObject {
                "emitNode": {
                  "flags": 262144,
                },
                "end": -1,
                "expression": IdentifierObject {
                  "emitNode": undefined,
                  "end": -1,
                  "escapedText": "RONIN",
                  "flags": 16,
                  "flowNode": undefined,
                  "id": 0,
                  "jsDoc": undefined,
                  "kind": 80,
                  "parent": undefined,
                  "pos": -1,
                  "symbol": undefined,
                  "transformFlags": 0,
                },
                "flags": 16,
                "flowNode": undefined,
                "id": 0,
                "jsDoc": undefined,
                "kind": 211,
                "localSymbol": undefined,
                "modifierFlagsCache": 0,
                "name": IdentifierObject {
                  "emitNode": undefined,
                  "end": -1,
                  "escapedText": "ICounter",
                  "flags": 16,
                  "flowNode": undefined,
                  "id": 0,
                  "jsDoc": undefined,
                  "kind": 80,
                  "parent": undefined,
                  "pos": -1,
                  "symbol": undefined,
                  "transformFlags": 0,
                },
                "original": undefined,
                "parent": undefined,
                "pos": -1,
                "questionDotToken": undefined,
                "symbol": undefined,
                "transformFlags": 0,
              },
              "flags": 16,
              "id": 0,
              "kind": 233,
              "modifierFlagsCache": 0,
              "original": undefined,
              "parent": undefined,
              "pos": -1,
              "transformFlags": 1025,
              "typeArguments": [
                NodeObject {
                  "emitNode": undefined,
                  "end": -1,
                  "flags": 16,
                  "id": 0,
                  "kind": 183,
                  "modifierFlagsCache": 0,
                  "original": undefined,
                  "parent": undefined,
                  "pos": -1,
                  "transformFlags": 1,
                  "typeArguments": undefined,
                  "typeName": IdentifierObject {
                    "emitNode": undefined,
                    "end": -1,
                    "escapedText": "Schema",
                    "flags": 16,
                    "flowNode": undefined,
                    "id": 0,
                    "jsDoc": undefined,
                    "kind": 80,
                    "parent": undefined,
                    "pos": -1,
                    "symbol": undefined,
                    "transformFlags": 0,
                  },
                },
              ],
            },
          ],
        },
      ],
      "id": 0,
      "jsDoc": undefined,
      "kind": 264,
      "localSymbol": undefined,
      "members": [],
      "modifierFlagsCache": 0,
      "modifiers": undefined,
      "name": IdentifierObject {
        "emitNode": undefined,
        "end": -1,
        "escapedText": "Counter",
        "flags": 16,
        "flowNode": undefined,
        "id": 0,
        "jsDoc": undefined,
        "kind": 80,
        "parent": undefined,
        "pos": -1,
        "symbol": undefined,
        "transformFlags": 0,
      },
      "original": undefined,
      "parent": undefined,
      "pos": -1,
      "symbol": undefined,
      "transformFlags": 1,
      "typeParameters": undefined,
    },
    "ExtendedGetter": NodeObject {
      "emitNode": undefined,
      "end": -1,
      "flags": 16,
      "heritageClauses": [
        NodeObject {
          "emitNode": undefined,
          "end": -1,
          "flags": 16,
          "id": 0,
          "kind": 298,
          "modifierFlagsCache": 0,
          "original": undefined,
          "parent": undefined,
          "pos": -1,
          "token": 96,
          "transformFlags": 1025,
          "types": [
            NodeObject {
              "emitNode": undefined,
              "end": -1,
              "expression": NodeObject {
                "emitNode": {
                  "flags": 262144,
                },
                "end": -1,
                "expression": IdentifierObject {
                  "emitNode": undefined,
                  "end": -1,
                  "escapedText": "RONIN",
                  "flags": 16,
                  "flowNode": undefined,
                  "id": 0,
                  "jsDoc": undefined,
                  "kind": 80,
                  "parent": undefined,
                  "pos": -1,
                  "symbol": undefined,
                  "transformFlags": 0,
                },
                "flags": 16,
                "flowNode": undefined,
                "id": 0,
                "jsDoc": undefined,
                "kind": 211,
                "localSymbol": undefined,
                "modifierFlagsCache": 0,
                "name": IdentifierObject {
                  "emitNode": undefined,
                  "end": -1,
                  "escapedText": "IGetterSingular",
                  "flags": 16,
                  "flowNode": undefined,
                  "id": 0,
                  "jsDoc": undefined,
                  "kind": 80,
                  "parent": undefined,
                  "pos": -1,
                  "symbol": undefined,
                  "transformFlags": 0,
                },
                "original": undefined,
                "parent": undefined,
                "pos": -1,
                "questionDotToken": undefined,
                "symbol": undefined,
                "transformFlags": 0,
              },
              "flags": 16,
              "id": 0,
              "kind": 233,
              "modifierFlagsCache": 0,
              "original": undefined,
              "parent": undefined,
              "pos": -1,
              "transformFlags": 1025,
              "typeArguments": [
                NodeObject {
                  "emitNode": undefined,
                  "end": -1,
                  "flags": 16,
                  "id": 0,
                  "kind": 183,
                  "modifierFlagsCache": 0,
                  "original": undefined,
                  "parent": undefined,
                  "pos": -1,
                  "transformFlags": 1,
                  "typeArguments": undefined,
                  "typeName": IdentifierObject {
                    "emitNode": undefined,
                    "end": -1,
                    "escapedText": "Schema",
                    "flags": 16,
                    "flowNode": undefined,
                    "id": 0,
                    "jsDoc": undefined,
                    "kind": 80,
                    "parent": undefined,
                    "pos": -1,
                    "symbol": undefined,
                    "transformFlags": 0,
                  },
                },
              ],
            },
          ],
        },
      ],
      "id": 0,
      "jsDoc": undefined,
      "kind": 264,
      "localSymbol": undefined,
      "members": [],
      "modifierFlagsCache": 0,
      "modifiers": undefined,
      "name": IdentifierObject {
        "emitNode": undefined,
        "end": -1,
        "escapedText": "Getter",
        "flags": 16,
        "flowNode": undefined,
        "id": 0,
        "jsDoc": undefined,
        "kind": 80,
        "parent": undefined,
        "pos": -1,
        "symbol": undefined,
        "transformFlags": 0,
      },
      "original": undefined,
      "parent": undefined,
      "pos": -1,
      "symbol": undefined,
      "transformFlags": 1,
      "typeParameters": undefined,
    },
    "ExtendedRemover": NodeObject {
      "emitNode": undefined,
      "end": -1,
      "flags": 16,
      "heritageClauses": [
        NodeObject {
          "emitNode": undefined,
          "end": -1,
          "flags": 16,
          "id": 0,
          "kind": 298,
          "modifierFlagsCache": 0,
          "original": undefined,
          "parent": undefined,
          "pos": -1,
          "token": 96,
          "transformFlags": 1025,
          "types": [
            NodeObject {
              "emitNode": undefined,
              "end": -1,
              "expression": NodeObject {
                "emitNode": {
                  "flags": 262144,
                },
                "end": -1,
                "expression": IdentifierObject {
                  "emitNode": undefined,
                  "end": -1,
                  "escapedText": "RONIN",
                  "flags": 16,
                  "flowNode": undefined,
                  "id": 0,
                  "jsDoc": undefined,
                  "kind": 80,
                  "parent": undefined,
                  "pos": -1,
                  "symbol": undefined,
                  "transformFlags": 0,
                },
                "flags": 16,
                "flowNode": undefined,
                "id": 0,
                "jsDoc": undefined,
                "kind": 211,
                "localSymbol": undefined,
                "modifierFlagsCache": 0,
                "name": IdentifierObject {
                  "emitNode": undefined,
                  "end": -1,
                  "escapedText": "IRemover",
                  "flags": 16,
                  "flowNode": undefined,
                  "id": 0,
                  "jsDoc": undefined,
                  "kind": 80,
                  "parent": undefined,
                  "pos": -1,
                  "symbol": undefined,
                  "transformFlags": 0,
                },
                "original": undefined,
                "parent": undefined,
                "pos": -1,
                "questionDotToken": undefined,
                "symbol": undefined,
                "transformFlags": 0,
              },
              "flags": 16,
              "id": 0,
              "kind": 233,
              "modifierFlagsCache": 0,
              "original": undefined,
              "parent": undefined,
              "pos": -1,
              "transformFlags": 1025,
              "typeArguments": [
                NodeObject {
                  "emitNode": undefined,
                  "end": -1,
                  "flags": 16,
                  "id": 0,
                  "kind": 183,
                  "modifierFlagsCache": 0,
                  "original": undefined,
                  "parent": undefined,
                  "pos": -1,
                  "transformFlags": 1,
                  "typeArguments": undefined,
                  "typeName": IdentifierObject {
                    "emitNode": undefined,
                    "end": -1,
                    "escapedText": "Schema",
                    "flags": 16,
                    "flowNode": undefined,
                    "id": 0,
                    "jsDoc": undefined,
                    "kind": 80,
                    "parent": undefined,
                    "pos": -1,
                    "symbol": undefined,
                    "transformFlags": 0,
                  },
                },
              ],
            },
          ],
        },
      ],
      "id": 0,
      "jsDoc": undefined,
      "kind": 264,
      "localSymbol": undefined,
      "members": [],
      "modifierFlagsCache": 0,
      "modifiers": undefined,
      "name": IdentifierObject {
        "emitNode": undefined,
        "end": -1,
        "escapedText": "Remover",
        "flags": 16,
        "flowNode": undefined,
        "id": 0,
        "jsDoc": undefined,
        "kind": 80,
        "parent": undefined,
        "pos": -1,
        "symbol": undefined,
        "transformFlags": 0,
      },
      "original": undefined,
      "parent": undefined,
      "pos": -1,
      "symbol": undefined,
      "transformFlags": 1,
      "typeParameters": undefined,
    },
    "ExtendedSetter": NodeObject {
      "emitNode": undefined,
      "end": -1,
      "flags": 16,
      "heritageClauses": [
        NodeObject {
          "emitNode": undefined,
          "end": -1,
          "flags": 16,
          "id": 0,
          "kind": 298,
          "modifierFlagsCache": 0,
          "original": undefined,
          "parent": undefined,
          "pos": -1,
          "token": 96,
          "transformFlags": 1025,
          "types": [
            NodeObject {
              "emitNode": undefined,
              "end": -1,
              "expression": NodeObject {
                "emitNode": {
                  "flags": 262144,
                },
                "end": -1,
                "expression": IdentifierObject {
                  "emitNode": undefined,
                  "end": -1,
                  "escapedText": "RONIN",
                  "flags": 16,
                  "flowNode": undefined,
                  "id": 0,
                  "jsDoc": undefined,
                  "kind": 80,
                  "parent": undefined,
                  "pos": -1,
                  "symbol": undefined,
                  "transformFlags": 0,
                },
                "flags": 16,
                "flowNode": undefined,
                "id": 0,
                "jsDoc": undefined,
                "kind": 211,
                "localSymbol": undefined,
                "modifierFlagsCache": 0,
                "name": IdentifierObject {
                  "emitNode": undefined,
                  "end": -1,
                  "escapedText": "ISetter",
                  "flags": 16,
                  "flowNode": undefined,
                  "id": 0,
                  "jsDoc": undefined,
                  "kind": 80,
                  "parent": undefined,
                  "pos": -1,
                  "symbol": undefined,
                  "transformFlags": 0,
                },
                "original": undefined,
                "parent": undefined,
                "pos": -1,
                "questionDotToken": undefined,
                "symbol": undefined,
                "transformFlags": 0,
              },
              "flags": 16,
              "id": 0,
              "kind": 233,
              "modifierFlagsCache": 0,
              "original": undefined,
              "parent": undefined,
              "pos": -1,
              "transformFlags": 1025,
              "typeArguments": [
                NodeObject {
                  "emitNode": undefined,
                  "end": -1,
                  "flags": 16,
                  "id": 0,
                  "kind": 183,
                  "modifierFlagsCache": 0,
                  "original": undefined,
                  "parent": undefined,
                  "pos": -1,
                  "transformFlags": 1,
                  "typeArguments": undefined,
                  "typeName": IdentifierObject {
                    "emitNode": undefined,
                    "end": -1,
                    "escapedText": "Schema",
                    "flags": 16,
                    "flowNode": undefined,
                    "id": 0,
                    "jsDoc": undefined,
                    "kind": 80,
                    "parent": undefined,
                    "pos": -1,
                    "symbol": undefined,
                    "transformFlags": 0,
                  },
                },
              ],
            },
          ],
        },
      ],
      "id": 0,
      "jsDoc": undefined,
      "kind": 264,
      "localSymbol": undefined,
      "members": [],
      "modifierFlagsCache": 0,
      "modifiers": undefined,
      "name": IdentifierObject {
        "emitNode": undefined,
        "end": -1,
        "escapedText": "Setter",
        "flags": 16,
        "flowNode": undefined,
        "id": 0,
        "jsDoc": undefined,
        "kind": 80,
        "parent": undefined,
        "pos": -1,
        "symbol": undefined,
        "transformFlags": 0,
      },
      "original": undefined,
      "parent": undefined,
      "pos": -1,
      "symbol": undefined,
      "transformFlags": 1,
      "typeParameters": undefined,
    },
  },
}
`;
