// Bun Snapshot v1, https://goo.gl/fbAQLP

exports[`comment add 1`] = `
{
  "plural": " Add multiple account records ",
  "singular": " Add a single account record ",
}
`;

exports[`comment count 1`] = `
{
  "plural": " Count multiple account records ",
  "singular": " Count a single account record ",
}
`;

exports[`comment get 1`] = `
{
  "plural": " Get multiple account records ",
  "singular": " Get a single account record ",
}
`;

exports[`comment remove 1`] = `
{
  "plural": " Remove multiple account records ",
  "singular": " Remove a single account record ",
}
`;

exports[`comment set 1`] = `
{
  "plural": " Set multiple account records ",
  "singular": " Set a single account record ",
}
`;
